[PC Mock] Connected to Python Physics Simulator (Pre-running).
=== Milestone 2: Flood-Fill Maze Explorer ===
Phase 1: Exploring maze with DFS...
[DEBUG] sense_walls at 0,0 heading 0: L=77.0, C=643.0, R=486.0
[DEBUG] Moving from 0,0 to 0,1 with heading 0
[DEBUG] Now facing heading 0
[DEBUG] Reached 8.200000000000001 ticks. L=8, R=9
[DEBUG] sense_walls at 0,1 heading 0: L=71.0, C=437.0, R=81.0
[DEBUG] Moving from 0,1 to 0,2 with heading 0
[DEBUG] Now facing heading 0
[DEBUG] Reached 8.200000000000001 ticks. L=8, R=9
[DEBUG] sense_walls at 0,2 heading 0: L=60.0, C=223.0, R=292.0
[DEBUG] Moving from 0,2 to 0,3 with heading 0
[DEBUG] Now facing heading 0
[DEBUG] Abort move_forward! tof_c=14
[DEBUG] sense_walls at 0,3 heading 0: L=64.0, C=12.0, R=95.0
[DEBUG] Turn R complete. Accumulated: 92.49501000000001, actual_heading: -94.47768100000002
[DEBUG] Turn R complete. Accumulated: 90.026675, actual_heading: -188.10009599999998
[DEBUG] Backtracking from 0,3 to 0,2
Traceback (most recent call last):
  File "/Users/nicolls/proj/eee3097s/2026/UCT-Micromouse/solutions/milestone2_maze_reference.py", line 430, in <module>
    solve_maze()
    ~~~~~~~~~~^^
  File "/Users/nicolls/proj/eee3097s/2026/UCT-Micromouse/solutions/milestone2_maze_reference.py", line 407, in solve_maze
    dfs_explore()
    ~~~~~~~~~~~^^
  File "/Users/nicolls/proj/eee3097s/2026/UCT-Micromouse/solutions/milestone2_maze_reference.py", line 317, in dfs_explore
    dfs_explore()
    ~~~~~~~~~~~^^
  File "/Users/nicolls/proj/eee3097s/2026/UCT-Micromouse/solutions/milestone2_maze_reference.py", line 317, in dfs_explore
    dfs_explore()
    ~~~~~~~~~~~^^
  File "/Users/nicolls/proj/eee3097s/2026/UCT-Micromouse/solutions/milestone2_maze_reference.py", line 322, in dfs_explore
    move_forward()
    ~~~~~~~~~~~~^^
  File "/Users/nicolls/proj/eee3097s/2026/UCT-Micromouse/solutions/milestone2_maze_reference.py", line 137, in move_forward
    uct_mouse.set_motors(left_pwm, right_pwm)
    ~~~~~~~~~~~~~~~~~~~~^^^^^^^^^^^^^^^^^^^^^
  File "/Users/nicolls/proj/eee3097s/2026/UCT-Micromouse/python/uct_mouse.py", line 184, in set_motors
    _mouse.set_pwm(int(left_pwm), int(right_pwm))
    ~~~~~~~~~~~~~~^^^^^^^^^^^^^^^^^^^^^^^^^^^^^^^
  File "/Users/nicolls/proj/eee3097s/2026/UCT-Micromouse/python/micromouse.py", line 180, in set_pwm
    self._exchange_data({"a": [left_pwm, right_pwm]})
    ~~~~~~~~~~~~~~~~~~~^^^^^^^^^^^^^^^^^^^^^^^^^^^^^^
  File "/Users/nicolls/proj/eee3097s/2026/UCT-Micromouse/python/micromouse.py", line 135, in _exchange_data
    raise ConnectionError("Connection closed.")
ConnectionError: Connection closed.
