[PC Mock] Connected to Simulink Virtual Testbed.
--- PikaScript is ALIVE! ---
Motors ON
Motors OFF
Motors ON
Motors OFF
Motors ON
Motors OFF
Motors ON
Motors OFF
Motors ON
Motors OFF
Motors ON
Motors OFF
Motors ON
Motors OFF
Motors ON
Motors OFF
Motors ON
Motors OFF
Motors ON
Motors OFF
Motors ON
Motors OFF
Motors ON
Motors OFF
Motors ON
Motors OFF
Motors ON
Motors OFF
Motors ON
Motors OFF
Motors ON
Motors OFF
Motors ON
Motors OFF
Motors ON
Motors OFF
Motors ON
Motors OFF
Motors ON
Motors OFF
Motors ON
Motors OFF
Motors ON
Motors OFF
Motors ON
Traceback (most recent call last):
  File "/Users/nicolls/proj/eee3097s/2026/UCT-Micromouse/matlab/autograder/db/submissions/STUDENT004/extracted/main.py", line 20, in <module>
    uct_mouse.set_motors(30, 30)
    ~~~~~~~~~~~~~~~~~~~~^^^^^^^^
  File "/Users/nicolls/proj/eee3097s/2026/UCT-Micromouse/matlab/autograder/db/submissions/STUDENT004/extracted/uct_mouse.py", line 29, in set_motors
    _mouse.set_pwm(int(left_pwm), int(right_pwm))
    ~~~~~~~~~~~~~~^^^^^^^^^^^^^^^^^^^^^^^^^^^^^^^
  File "/Users/nicolls/proj/eee3097s/2026/UCT-Micromouse/matlab/autograder/db/submissions/STUDENT004/extracted/micromouse.py", line 179, in set_pwm
    self._exchange_data({"a": [left_pwm, right_pwm]})
    ~~~~~~~~~~~~~~~~~~~^^^^^^^^^^^^^^^^^^^^^^^^^^^^^^
  File "/Users/nicolls/proj/eee3097s/2026/UCT-Micromouse/matlab/autograder/db/submissions/STUDENT004/extracted/micromouse.py", line 134, in _exchange_data
    raise ConnectionError("Connection closed.")
ConnectionError: Connection closed.
